21:03:53 **** Incremental Build of configuration Debug for project DeviceDrivers ****
make -j16 all 
arm-none-eabi-gcc "../Drivers/Src/stm32f407xx_gpio_driver.c" -mcpu=cortex-m4 -std=gnu11 -g3 -DDEBUG -DSTM32 -DSTM32F407G_DISC1 -DSTM32F4 -DSTM32F407VGTx -c -I../Inc -I"D:/MCU1-Course/MCU/DeviceDrivers/Drivers/Inc" -O0 -ffunction-sections -fdata-sections -Wall -fstack-usage -fcyclomatic-complexity -MMD -MP -MF"Drivers/Src/stm32f407xx_gpio_driver.d" -MT"Drivers/Src/stm32f407xx_gpio_driver.o" --specs=nano.specs -mfloat-abi=soft -mthumb -o "Drivers/Src/stm32f407xx_gpio_driver.o"
arm-none-eabi-gcc -o "DeviceDrivers.elf" @"objects.list"   -mcpu=cortex-m4 -T"D:\MCU1-Course\MCU\DeviceDrivers\STM32F407VGTX_FLASH.ld" --specs=nosys.specs -Wl,-Map="DeviceDrivers.map" -Wl,--gc-sections -static --specs=nano.specs -mfloat-abi=soft -mthumb -Wl,--start-group -lc -lm -Wl,--end-group
Finished building target: DeviceDrivers.elf
 
arm-none-eabi-size  DeviceDrivers.elf 
arm-none-eabi-objdump -h -S DeviceDrivers.elf  > "DeviceDrivers.list"
   text	   data	    bss	    dec	    hex	filename
    652	      0	   1568	   2220	    8ac	DeviceDrivers.elf
Finished building: default.size.stdout
 
Finished building: DeviceDrivers.list
 

21:03:54 Build Finished. 0 errors, 0 warnings. (took 882ms)

